== bash -n install.sh
status=0
== bash -n sing-box.sh
status=0
== bash -n src/backup.sh
status=0
== bash -n src/bbr.sh
status=0
== bash -n src/caddy.sh
status=0
== bash -n src/core.sh
status=0
== bash -n src/dns.sh
status=0
== bash -n src/download.sh
status=0
== bash -n src/help.sh
status=0
== bash -n src/import.sh
status=0
== bash -n src/init.sh
status=0
== bash -n src/log.sh
status=0
== bash -n src/systemd.sh
status=0
== bash -n src/version.sh
status=0
== bash -n tests/backup-rollback.sh
status=0
== bash -n tests/install-no-auto-reality.sh
status=0
== bash -n tests/install-plan-dry-run.sh
status=0
== bash -n tests/pinned-version-compat.sh
status=0
== bash -n tests/supply-chain-hardening.sh
status=0
== bash -n tests/version-pin.sh
status=0
== bash -n tests/audit/audit_mock_backup_rollback.sh
status=0
== bash -n tests/audit/audit_mock_install_paths.sh
status=0
== bash -n tests/audit/audit_mock_update_uninstall_paths.sh
status=0
== bash -n tests/audit/audit_static_control_flow.sh
status=0
== no default add reality command
status=0
== no install/src add reality aliases in default flow
status=0
== manual reality support remains
21:    VLESS-REALITY
155:    is_tmp_pbk=($($is_core_bin generate reality-keypair | sed 's/.*://'))
335:        [[ $net == "reality" ]] && is_add_public_key=",outbounds:[{type:\"direct\"},{tag:\"public_key_$is_public_key\",type:\"direct\"}]"
465:    [[ $is_reality && $net_type =~ 'http' ]] && net=rh2
579:        [[ ! $is_reality ]] && err "($is_config_file) 不支持更改密钥."
617:        [[ ! $is_reality ]] && err "($is_config_file) 不支持更改 serverName."
819:        r | reality)
820:            is_new_protocol=VLESS-REALITY
885:    *reality*)
886:        is_reality=1
932:        reality)
934:            [[ ! $(grep -i reality <<<$is_new_protocol) ]] && is_reality=
1135:            is_json_data=$(jq '(.inbounds[0]|.type,.listen_port,(.users[0]|.uuid,.password,.username),.method,.password,.override_port,.override_address,(.transport|.type,.path,.headers.host),(.tls|.server_name,.reality.private_key)),(.outbounds[1].tag)' <<<$is_json_str)
1150:                is_reality=1
1151:                net_type+=reality
1269:        *reality*)
1270:            net=reality
1273:            is_json_add="tls:{enabled:true,server_name:\"$is_servername\",reality:{enabled:true,handshake:{server:\"$is_servername\",server_port:443},private_key:\"$is_private_key\",short_id:[\"\"]}}"
1453:    reality)
1464:        is_info_str=($is_protocol $is_addr $port $uuid $is_flow $is_net_type reality $is_servername chrome $is_public_key)
1465:        is_url="$is_protocol://$uuid@$is_addr:$port?encryption=none&security=reality&flow=$is_flow&type=$is_net_type&sni=$is_servername&pbk=$is_public_key&fp=chrome#$is_core_name-$net-$is_addr"
1719:            [[ $is_run_command == 'pbk' ]] && is_run_command="generate reality-keypair"
status=0
== manual AnyTLS support remains
23:    AnyTLS
327:        elif [[ $is_anytls_domain ]]; then
328:            is_config_name=$2-${is_anytls_domain}.json
840:        anytls)
841:            is_new_protocol=AnyTLS
859:    if [[ ${is_new_protocol,,} == 'anytls' ]]; then
863:            err "当前 sing-box 版本 ($is_core_ver) 不支持 AnyTLS，请先升级 sing-box core 到 1.12.0 或更高版本。"
904:    anytls*)
907:        [[ $4 ]] && is_anytls_domain=$4
1007:    # anytls with domain (ACME TLS)
1008:    if [[ $is_anytls_domain && ! $is_change && ! $is_gen ]]; then
1010:        host=$is_anytls_domain
1157:            # extract anytls ACME domain
1158:            [[ $is_protocol == 'anytls' ]] && {
1159:                is_anytls_domain=$(jq -r '(.inbounds[0].tls.certificate_provider.domain[0] // .inbounds[0].tls.acme.domain[0]) // empty' <<<$is_json_str 2>/dev/null)
1226:        anytls*)
1227:            net=anytls
1231:            if [[ $is_anytls_domain ]]; then
1235:                    is_anytls_tls="tls:{enabled:true,certificate_provider:{type:\"acme\",domain:[\"$is_anytls_domain\"]}}"
1237:                    is_anytls_tls="tls:{enabled:true,acme:{domain:[\"$is_anytls_domain\"]}}"
1240:                is_anytls_tls="${is_tls_json/alpn\:\[\"h3\"\],/}"
1242:            json_str="$is_users,$is_anytls_tls"
1467:    anytls)
1469:        if [[ $is_anytls_domain ]]; then
1471:            is_info_str=($is_protocol $is_anytls_domain $port $password tls)
1472:            is_url="anytls://$password@$is_anytls_domain:$port#$is_core_name-$net-$is_anytls_domain"
1477:            is_url="anytls://$password@$is_addr:$port?allowInsecure=1#$is_core_name-$net-$is_addr"
status=0
== manual TUIC support remains
4:    TUIC
831:        tuic)
832:            is_new_protocol=TUIC
875:    vmess* | tuic*)
1189:        tuic*)
1190:            net=tuic
1446:    tuic)
status=0
== install and README no-auto-protocol text
install.sh:678:    msg ok "No proxy protocol has been created automatically."
install.sh:681:    msg ok "当前未自动创建任何代理协议配置。"
README.md:48:安装完成后不会自动创建任何代理协议配置，请进入菜单手动选择需要添加的协议。
README.md:49:After installation, no proxy protocol is created automatically. Use the menu to add the protocol you need.
status=0
== workflow no-auto test before tar
status=0
== no direct wget TLS bypass by default
status=0
install.sh:219:    [[ $insecure_download ]] && wget_opts+=("--no-check-certificate")
src/init.sh:118:    [[ ${SING_BOX_INSECURE_DOWNLOAD:-} ]] && wget_opts+=("--no-check-certificate")
== insecure opt-in exists
install.sh:219:    [[ $insecure_download ]] && wget_opts+=("--no-check-certificate")
install.sh:453:    echo -e "      --insecure-download         禁用 TLS 证书校验下载, 仅用于受限网络; 仍会校验 SHA256"
install.sh:629:        --insecure-download)
install.sh:630:            insecure_download=1
src/init.sh:118:    [[ ${SING_BOX_INSECURE_DOWNLOAD:-} ]] && wget_opts+=("--no-check-certificate")
status=0
== HTTPS-only verifier exists
install.sh:223:verify_https_url() {
install.sh:225:    https://*) ;;
install.sh:226:    *) err "拒绝非 HTTPS 下载地址: $1" ;;
install.sh:233:    verify_https_url "$url"
src/download.sh:5:verify_https_url() {
src/download.sh:7:    https://*) ;;
src/download.sh:8:    *) err "拒绝非 HTTPS 下载地址: $1" ;;
src/download.sh:31:    verify_https_url "$url"
status=0
== SHA256 verifier exists
install.sh:237:verify_sha256() {
install.sh:253:get_github_asset_digest() {
install.sh:285:get_release_checksum_sha256() {
install.sh:505:        digest=$(get_github_asset_digest "$is_core_repo" "$is_core_ver" "$asset")
install.sh:515:        digest=$(get_github_asset_digest "$is_sh_repo" "$is_sh_latest_ver" "$asset")
install.sh:523:        digest=$(get_release_checksum_sha256 "https://github.com/jqlang/jq/releases/download/jq-1.7.1/sha256sum.txt" "$asset" "$tmpdir/jq-sha256sum.txt")
install.sh:533:            verify_sha256 "$tmpfile" "$digest"
src/download.sh:12:verify_sha256() {
src/download.sh:35:get_github_asset_digest() {
src/download.sh:108:        expected_sha256=$(get_github_asset_digest "$is_core_repo" "$latest_ver" "$asset")
src/download.sh:123:        expected_sha256=$(get_github_asset_digest "$is_sh_repo" "$latest_ver" "$asset")
src/download.sh:134:        expected_sha256=$(get_github_asset_digest "$is_caddy_repo" "$latest_ver" "$asset")
src/download.sh:154:    verify_sha256 "$tmpfile" "$expected_sha256"
status=0
== CA dependency exists
src/init.sh:149:is_pkg="wget unzip tar qrencode bash ca-certificates coreutils"
install.sh:58:is_pkg="wget tar bash ca-certificates coreutils"
install.sh:131:    is_pkg="wget tar bash ca-certificates coreutils"
install.sh:730:    if type -P update-ca-certificates >/dev/null; then
install.sh:731:        update-ca-certificates &>/dev/null || true
status=0
== no mktemp -u in executable scripts
status=0
tests/audit/audit_static_control_flow.sh:126:check "no mktemp -u in executable scripts" assert_no_rg 'mktemp[[:space:]]+-u' install.sh src || true
tests/supply-chain-hardening.sh:45:assert_no_match 'mktemp -u' 'temporary paths must be created with mktemp -d or mktemp, not mktemp -u'
== workflow supply-chain test before tar
status=0
== default stable pin exists
src/download.sh:95:            latest_ver=$DEFAULT_SING_BOX_STABLE_VERSION
install.sh:186:        DEFAULT_SING_BOX_STABLE_VERSION=${DEFAULT_SING_BOX_STABLE_VERSION:-v1.13.8}
install.sh:208:        is_core_ver=$DEFAULT_SING_BOX_STABLE_VERSION
install.sh:347:        add_plan_item "Downloads" "sing-box core package from pinned stable release $DEFAULT_SING_BOX_STABLE_VERSION: https://github.com/${is_core_repo}/releases"
install.sh:449:    echo -e "      --latest                    显式使用最新 $is_core_name release; 默认使用 pinned stable ($DEFAULT_SING_BOX_STABLE_VERSION)"
install.sh:500:                is_core_ver=$DEFAULT_SING_BOX_STABLE_VERSION
src/version.sh:3:DEFAULT_SING_BOX_STABLE_VERSION=${DEFAULT_SING_BOX_STABLE_VERSION:-v1.13.8}
src/version.sh:57:    version_policy_notice "Using pinned stable sing-box version: $DEFAULT_SING_BOX_STABLE_VERSION"
src/version.sh:58:    printf '%s\n' "$DEFAULT_SING_BOX_STABLE_VERSION"
status=0
== latest must be explicit
src/help.sh:53:            "   u, update [core | sh | caddy] [ver | --latest]  更新; core 默认使用 pinned stable"
src/help.sh:79:        msg "Version policy: sing-box core 默认使用 pinned stable; 只有显式 --latest 才追 upstream latest。"
src/download.sh:92:        if [[ ${IS_USE_LATEST_VERSION:-false} == true ]]; then
install.sh:187:        IS_USE_LATEST_VERSION=${IS_USE_LATEST_VERSION:-false}
install.sh:205:    elif [[ $IS_USE_LATEST_VERSION == true ]]; then
install.sh:206:        echo "Using latest sing-box release. This may introduce breaking changes."
install.sh:341:    elif [[ ${IS_USE_LATEST_VERSION:-false} == true ]]; then
install.sh:343:        add_plan_item "Downloads" "release version will be resolved during execution because --latest was specified"
install.sh:444:    echo -e "Usage: $0 [-f xxx | -l | -p xxx | -v xxx | --latest | --dry-run | --plan | --yes | -h]"
install.sh:449:    echo -e "      --latest                    显式使用最新 $is_core_name release; 默认使用 pinned stable ($DEFAULT_SING_BOX_STABLE_VERSION)"
install.sh:497:            if [[ ${IS_USE_LATEST_VERSION:-false} == true ]]; then
install.sh:625:        --latest)
install.sh:626:            IS_USE_LATEST_VERSION=true
install.sh:654:    [[ $IS_USE_LATEST_VERSION == true && $IS_USER_CORE_VERSION_SPECIFIED == true ]] && {
install.sh:655:        err "Cannot use --latest and --core-version at the same time."
install.sh:657:    [[ $IS_USE_LATEST_VERSION == true && $is_core_file ]] && {
install.sh:658:        err "无法同时使用 --latest 和自定义 ${is_core_name} 文件."
src/version.sh:4:IS_USE_LATEST_VERSION=${IS_USE_LATEST_VERSION:-false}
src/version.sh:35:        version_policy_die "Cannot use --latest and --core-version at the same time."
src/version.sh:51:        version_policy_notice "Using latest sing-box release. This may introduce breaking changes."
src/version.sh:67:        --latest)
src/version.sh:95:        version_policy_die "Cannot use --latest and --core-version at the same time."
status=0
== explicit core version support exists
src/help.sh:54:            "   u, update core --core-version [ver]             使用指定 sing-box core 版本更新"
src/core.sh:1277:                is_users=${is_users/uuid/flow:\"xtls-rprx-vision\",uuid}
src/core.sh:1457:        is_flow=xtls-rprx-vision
install.sh:186:        DEFAULT_SING_BOX_STABLE_VERSION=${DEFAULT_SING_BOX_STABLE_VERSION:-v1.13.8}
install.sh:188:        IS_USER_CORE_VERSION_SPECIFIED=${IS_USER_CORE_VERSION_SPECIFIED:-false}
install.sh:202:    if [[ $IS_USER_CORE_VERSION_SPECIFIED == true ]]; then
install.sh:265:    digest=$(awk -v asset="$asset" '
install.sh:291:    digest=$(awk -v asset="$asset" '($2 == asset || $2 == "*" asset) { print $1; exit }' "$checksum_file")
install.sh:444:    echo -e "Usage: $0 [-f xxx | -l | -p xxx | -v xxx | --latest | --dry-run | --plan | --yes | -h]"
install.sh:448:    echo -e "  -v, --core-version <ver>        自定义 $is_core_name 版本, e.g., -v v1.13.8"
install.sh:617:        -v | --core-version)
install.sh:622:            IS_USER_CORE_VERSION_SPECIFIED=true
install.sh:654:    [[ $IS_USE_LATEST_VERSION == true && $IS_USER_CORE_VERSION_SPECIFIED == true ]] && {
install.sh:655:        err "Cannot use --latest and --core-version at the same time."
src/version.sh:3:DEFAULT_SING_BOX_STABLE_VERSION=${DEFAULT_SING_BOX_STABLE_VERSION:-v1.13.8}
src/version.sh:5:IS_USER_CORE_VERSION_SPECIFIED=${IS_USER_CORE_VERSION_SPECIFIED:-false}
src/version.sh:35:        version_policy_die "Cannot use --latest and --core-version at the same time."
src/version.sh:71:        -v | --core-version)
src/version.sh:95:        version_policy_die "Cannot use --latest and --core-version at the same time."
status=0
== latest and core-version conflict exists
install.sh:655:        err "Cannot use --latest and --core-version at the same time."
tests/version-pin.sh:62:assert_contains "$TMP_ROOT/conflict.out" "Cannot use --latest and --core-version at the same time." 'conflict message must be explicit'
src/version.sh:35:        version_policy_die "Cannot use --latest and --core-version at the same time."
src/version.sh:95:        version_policy_die "Cannot use --latest and --core-version at the same time."
status=0
== version policy function simulation
default=v1.13.8
latest=v9.9.9
explicit=v1.13.8
status=0
== existing no-auto-reality test
[PASS] install no-auto-reality checks
status=0
== existing supply-chain hardening test
[PASS] supply-chain hardening checks
status=0
== existing version pin test
[PASS] version pin checks
status=0
AUDIT_STATIC_RESULT=PASS
